<html>
<body>
<pre>
<h1>µVision Build Log</h1>
<h2>Project:</h2>
C:\Users\1anh2\OneDrive\Desktop\irpwm\WallFollower.uvproj
Project File Date:  11/20/2018

<h2>Output:</h2>
Build target 'WallFollower'
assembling startup.s...
compiling ADCSWTrigger.c...
compiling PLL.c...
compiling UART2.c...
compiling Project2_Main.c...
compiling Nokia5110.c...
compiling GPTM_Init.c...
GPTM_Init.h(1): warning:  #1-D: last line of file ends without a newline
  void GPTM_Init(void); 
GPTM_Init.c(39): warning:  #1-D: last line of file ends without a newline
  }
GPTM_Init.c: 2 warnings, 0 errors
linking...
Program Size: Code=5778 RO-data=514 RW-data=272 ZI-data=1152  
".\WallFollower.axf" - 0 Error(s), 2 Warning(s).
